// Jest Snapshot v1, https://goo.gl/fbAQLP

exports[`App rendering specification SnapShot testing 1`] = `
<section
  className="service-issue"
>
  <div
    className="container"
  >
    <div
      className="row"
    >
      <div
        className="col-12"
      >
        <div
          className="center-title mb-0"
        >
          <h3>
            <strong>
              Choose A Brand
            </strong>
          </h3>
        </div>
      </div>
    </div>
    <div
      className="row d-flex justify-content-center pb-4"
    >
      <div
        className="col-11 service-content"
      >
        <div
          className="react-multi-carousel-list carousel-container "
          dir="ltr"
        >
          <ul
            className="react-multi-carousel-track react-multi-carousel-track"
            onMouseDown={[Function]}
            onMouseEnter={[Function]}
            onMouseLeave={[Function]}
            onMouseMove={[Function]}
            onMouseUp={[Function]}
            onTouchEnd={[Function]}
            onTouchMove={[Function]}
            onTouchStart={[Function]}
            style={
              Object {
                "overflow": "unset",
                "transform": "translate3d(0px,0,0)",
                "transition": "none",
              }
            }
          />
        </div>
      </div>
    </div>
  </div>
  <div
    className="pb-5 container"
  >
    <div
      className="m-3 row"
    >
      <p
        className="d-flex justify-content-center fs-6"
      >
        Get your Tablet Fixed by ERIP Experts in Bangalore
      </p>
    </div>
    <div
      className="row"
    >
      <div
        className="col-11 caro-div col"
      >
        <p
          className="caro-para"
        >
          ERIP is a reputed service repair brand in Bangalore. We house a team of technicians who have undergone training for years in technical repair skills.ERIP ensures that your Tablet is fixed with 100% genuine spare parts and provides a QR code for  customers to scan and view its authenticity along with up to 6 months warranty on the spare parts.Experience superior navigation and seamless booking on our website, where it takes less than two minutes to book an appointment.With our unwavering commitment to repair your Tablet issues,we have surpassed our competitors in the  Tablet repair service industry in Bangalore.
        </p>
      </div>
    </div>
  </div>
</section>
`;
