// Jest Snapshot v1, https://goo.gl/fbAQLP

exports[`pnf rendering specification SnapShot testing 1`] = `
<div
  className="device_section"
>
  <div
    className="container"
  >
    <div>
      <div>
        <h4>
           
          Devices
           
        </h4>
        <p>
          Servicing, Hardware & Software Repair
        </p>
      </div>
      <div
        className="react-multi-carousel-list carousel-container "
        dir="ltr"
      >
        <ul
          className="react-multi-carousel-track "
          onMouseDown={[Function]}
          onMouseEnter={[Function]}
          onMouseLeave={[Function]}
          onMouseMove={[Function]}
          onMouseUp={[Function]}
          onTouchEnd={[Function]}
          onTouchMove={[Function]}
          onTouchStart={[Function]}
          style={
            Object {
              "overflow": "unset",
              "transform": "translate3d(0px,0,0)",
              "transition": "none",
            }
          }
        />
      </div>
    </div>
  </div>
</div>
`;
