// Jest Snapshot v1, https://goo.gl/fbAQLP

exports[`App rendering specification SnapShot testing 1`] = `
<div
  className="d-flex flex-column m-1"
>
  <div
    className="d-flex flex-row justify-content-between"
  >
    <h3
      className="fs-6"
    />
    <button
      aria-controls="example-collapse-text"
      aria-expanded={false}
      className="bg-transparent border-0"
      onClick={[Function]}
    >
      <i
        className="fa-solid fa-angle-up"
      />
    </button>
  </div>
  <div
    aria-expanded={null}
    className="paragraph collapse"
    id="example-collapse-text"
  />
  <div
    className="col-12"
  >
    <hr
      className="mt-10"
    />
  </div>
</div>
`;
