// Jest Snapshot v1, https://goo.gl/fbAQLP

exports[`Model header rendering specification SnapShot testing 1`] = `
<section
  className="mod-header"
>
  <div
    className="container"
  >
    <div
      className="row"
    >
      <div
        className="d-flex flex-row justify-content-between"
      >
        <div
          className=""
        >
          <h3>
            Choose Your Model
          </h3>
          <div>
            <a
              className="link-btn"
              href="/"
              onClick={[Function]}
            >
              Home
              <i
                className="fa-solid fa-angle-right m-0"
              />
            </a>
            <a
              className="link-btn text-capitalize"
              href="/null"
              onClick={[Function]}
            >
               
              <i
                className="fa-solid fa-angle-right m-0"
              />
            </a>
            <a
              className="link-btn active-link text-capitalize"
              href="/null/null"
              onClick={[Function]}
            />
          </div>
        </div>
        <div
          className="search_btn"
        >
          <div
            className=" d-flex m-0 p-0 input-group"
          >
            <div
              className="align-self-center m-3"
            >
              <i
                className="fas fa-search"
              />
            </div>
            <input
              aria-describedby="search-addon"
              aria-label="Search"
              aria-rowspan={1}
              className="form-control rounded-0 border-0 form-control"
              id="search-border"
              placeholder="Search Model"
              type="search"
            />
          </div>
        </div>
      </div>
    </div>
  </div>
</section>
`;
