// Jest Snapshot v1, https://goo.gl/fbAQLP

exports[`pnf rendering specification SnapShot testing 1`] = `
<div
  className="user_section"
>
  <div
    className="container"
  >
    <div>
      <h4
        className="user_heading d-flex justify-content-center"
      >
        What Our Users Say
      </h4>
      <div
        className="react-multi-carousel-list carousel-container "
        dir="ltr"
      >
        <ul
          className="react-multi-carousel-track react-multi-carousel-track"
          onMouseDown={[Function]}
          onMouseEnter={[Function]}
          onMouseLeave={[Function]}
          onMouseMove={[Function]}
          onMouseUp={[Function]}
          onTouchEnd={[Function]}
          onTouchMove={[Function]}
          onTouchStart={[Function]}
          style={
            Object {
              "overflow": "unset",
              "transform": "translate3d(0px,0,0)",
              "transition": "none",
            }
          }
        />
      </div>
    </div>
  </div>
</div>
`;
