// Jest Snapshot v1, https://goo.gl/fbAQLP

exports[`pnf rendering specification SnapShot testing 1`] = `
<div
  className="user_section"
>
  <div
    className="container"
  >
    <div>
      <h4
        className="user_heading d-flex justify-content-center"
      >
        What Our Users Say
      </h4>
      <div
        className="slick-slider slick-initialized"
        dir="ltr"
      >
        <button
          aria-disabled={true}
          aria-hidden="true"
          className="slick-prev slick-arrow slick-disabled"
          data-role="none"
          onClick={null}
          slideCount={9}
          style={
            Object {
              "display": "block",
            }
          }
          type="button"
        >
          Previous
        </button>
        <div
          className="slick-list"
          onClick={[Function]}
          onKeyDown={[Function]}
          onMouseDown={[Function]}
          onMouseLeave={null}
          onMouseMove={null}
          onMouseUp={[Function]}
          onTouchCancel={null}
          onTouchEnd={[Function]}
          onTouchMove={null}
          onTouchStart={[Function]}
          style={Object {}}
        >
          <div
            className="slick-track"
            onMouseEnter={[Function]}
            onMouseLeave={[Function]}
            onMouseOver={[Function]}
            style={
              Object {
                "WebkitTransform": "translate3d(0px, 0px, 0px)",
                "WebkitTransition": "",
                "msTransform": "translateX(0px)",
                "opacity": 1,
                "transform": "translate3d(0px, 0px, 0px)",
                "transition": "",
              }
            }
          >
            <div
              aria-hidden={false}
              className="slick-slide slick-active slick-current"
              data-index={0}
              onClick={[Function]}
              style={
                Object {
                  "outline": "none",
                  "width": 0,
                }
              }
              tabIndex="-1"
            >
              <div>
                <div
                  className="card user_card"
                  style={
                    Object {
                      "display": "inline-block",
                      "width": "100%",
                    }
                  }
                  tabIndex={-1}
                >
                  <div
                    className="img_card user_img"
                  >
                    <img
                      alt="..."
                      className="card-img-top"
                      src="/assets/user/asset1.png"
                    />
                    <p
                      className="user_card_text"
                    >
                      My Whirlpool double-door refrigerator had a recurring water leakage problem and even after multiple repairs it wasn't fixed properly. This issue finally had a confirmed resolution with ERIP and it‚Äôs been 2 years there has been no more water leakage problems. 
                    </p>
                    <div
                      className="d-flex"
                    >
                      <img
                        alt=""
                        className="user_dp"
                        src="/assets/user/carousel-img-1.png"
                      />
                      <div
                        className="user_id"
                      >
                        <p
                          className="card-text user_text"
                        >
                          Roshan Meher
                        </p>
                        <p
                          className="user_company"
                        >
                          <i>
                            -
                            Voltas
                          </i>
                        </p>
                      </div>
                    </div>
                  </div>
                </div>
              </div>
            </div>
            <div
              aria-hidden={false}
              className="slick-slide slick-active"
              data-index={1}
              onClick={[Function]}
              style={
                Object {
                  "outline": "none",
                  "width": 0,
                }
              }
              tabIndex="-1"
            >
              <div>
                <div
                  className="card user_card"
                  style={
                    Object {
                      "display": "inline-block",
                      "width": "100%",
                    }
                  }
                  tabIndex={-1}
                >
                  <div
                    className="img_card user_img"
                  >
                    <img
                      alt="..."
                      className="card-img-top"
                      src="/assets/user/asset1.png"
                    />
                    <p
                      className="user_card_text"
                    >
                      My Whirlpool double-door refrigerator had a recurring water leakage problem and even after multiple repairs it wasn't fixed properly. This issue finally had a confirmed resolution with ERIP and it‚Äôs been 2 years there has been no more water leakage problems. 
                    </p>
                    <div
                      className="d-flex"
                    >
                      <img
                        alt=""
                        className="user_dp"
                        src="/assets/user/carousel-img-1.png"
                      />
                      <div
                        className="user_id"
                      >
                        <p
                          className="card-text user_text"
                        >
                          Roshan Meher
                        </p>
                        <p
                          className="user_company"
                        >
                          <i>
                            -
                            Voltas
                          </i>
                        </p>
                      </div>
                    </div>
                  </div>
                </div>
              </div>
            </div>
            <div
              aria-hidden={false}
              className="slick-slide slick-active"
              data-index={2}
              onClick={[Function]}
              style={
                Object {
                  "outline": "none",
                  "width": 0,
                }
              }
              tabIndex="-1"
            >
              <div>
                <div
                  className="card user_card"
                  style={
                    Object {
                      "display": "inline-block",
                      "width": "100%",
                    }
                  }
                  tabIndex={-1}
                >
                  <div
                    className="img_card user_img"
                  >
                    <img
                      alt="..."
                      className="card-img-top"
                      src="/assets/user/asset1.png"
                    />
                    <p
                      className="user_card_text"
                    >
                      My Whirlpool double-door refrigerator had a recurring water leakage problem and even after multiple repairs it wasn't fixed properly. This issue finally had a confirmed resolution with ERIP and it‚Äôs been 2 years there has been no more water leakage problems. 
                    </p>
                    <div
                      className="d-flex"
                    >
                      <img
                        alt=""
                        className="user_dp"
                        src="/assets/user/carousel-img-1.png"
                      />
                      <div
                        className="user_id"
                      >
                        <p
                          className="card-text user_text"
                        >
                          Roshan Meher
                        </p>
                        <p
                          className="user_company"
                        >
                          <i>
                            -
                            Voltas
                          </i>
                        </p>
                      </div>
                    </div>
                  </div>
                </div>
              </div>
            </div>
            <div
              aria-hidden={false}
              className="slick-slide slick-active"
              data-index={3}
              onClick={[Function]}
              style={
                Object {
                  "outline": "none",
                  "width": 0,
                }
              }
              tabIndex="-1"
            >
              <div>
                <div
                  className="card user_card"
                  style={
                    Object {
                      "display": "inline-block",
                      "width": "100%",
                    }
                  }
                  tabIndex={-1}
                >
                  <div
                    className="img_card user_img"
                  >
                    <img
                      alt="..."
                      className="card-img-top"
                      src="/assets/user/asset1.png"
                    />
                    <p
                      className="user_card_text"
                    >
                      My Whirlpool double-door refrigerator had a recurring water leakage problem and even after multiple repairs it wasn't fixed properly. This issue finally had a confirmed resolution with ERIP and it‚Äôs been 2 years there has been no more water leakage problems. 
                    </p>
                    <div
                      className="d-flex"
                    >
                      <img
                        alt=""
                        className="user_dp"
                        src="/assets/user/carousel-img-1.png"
                      />
                      <div
                        className="user_id"
                      >
                        <p
                          className="card-text user_text"
                        >
                          Roshan Meher
                        </p>
                        <p
                          className="user_company"
                        >
                          <i>
                            -
                            Voltas
                          </i>
                        </p>
                      </div>
                    </div>
                  </div>
                </div>
              </div>
            </div>
            <div
              aria-hidden={true}
              className="slick-slide"
              data-index={4}
              onClick={[Function]}
              style={
                Object {
                  "outline": "none",
                  "width": 0,
                }
              }
              tabIndex="-1"
            >
              <div>
                <div
                  className="card user_card"
                  style={
                    Object {
                      "display": "inline-block",
                      "width": "100%",
                    }
                  }
                  tabIndex={-1}
                >
                  <div
                    className="img_card user_img"
                  >
                    <img
                      alt="..."
                      className="card-img-top"
                      src="/assets/user/asset1.png"
                    />
                    <p
                      className="user_card_text"
                    >
                      My Whirlpool double-door refrigerator had a recurring water leakage problem and even after multiple repairs it wasn't fixed properly. This issue finally had a confirmed resolution with ERIP and it‚Äôs been 2 years there has been no more water leakage problems. 
                    </p>
                    <div
                      className="d-flex"
                    >
                      <img
                        alt=""
                        className="user_dp"
                        src="/assets/user/carousel-img-1.png"
                      />
                      <div
                        className="user_id"
                      >
                        <p
                          className="card-text user_text"
                        >
                          Roshan Meher
                        </p>
                        <p
                          className="user_company"
                        >
                          <i>
                            -
                            Voltas
                          </i>
                        </p>
                      </div>
                    </div>
                  </div>
                </div>
              </div>
            </div>
            <div
              aria-hidden={true}
              className="slick-slide"
              data-index={5}
              onClick={[Function]}
              style={
                Object {
                  "outline": "none",
                  "width": 0,
                }
              }
              tabIndex="-1"
            >
              <div>
                <div
                  className="card user_card"
                  style={
                    Object {
                      "display": "inline-block",
                      "width": "100%",
                    }
                  }
                  tabIndex={-1}
                >
                  <div
                    className="img_card user_img"
                  >
                    <img
                      alt="..."
                      className="card-img-top"
                      src="/assets/user/asset1.png"
                    />
                    <p
                      className="user_card_text"
                    >
                      My Whirlpool double-door refrigerator had a recurring water leakage problem and even after multiple repairs it wasn't fixed properly. This issue finally had a confirmed resolution with ERIP and it‚Äôs been 2 years there has been no more water leakage problems. 
                    </p>
                    <div
                      className="d-flex"
                    >
                      <img
                        alt=""
                        className="user_dp"
                        src="/assets/user/carousel-img-1.png"
                      />
                      <div
                        className="user_id"
                      >
                        <p
                          className="card-text user_text"
                        >
                          Roshan Meher
                        </p>
                        <p
                          className="user_company"
                        >
                          <i>
                            -
                            Voltas
                          </i>
                        </p>
                      </div>
                    </div>
                  </div>
                </div>
              </div>
            </div>
            <div
              aria-hidden={true}
              className="slick-slide"
              data-index={6}
              onClick={[Function]}
              style={
                Object {
                  "outline": "none",
                  "width": 0,
                }
              }
              tabIndex="-1"
            >
              <div>
                <div
                  className="card user_card"
                  style={
                    Object {
                      "display": "inline-block",
                      "width": "100%",
                    }
                  }
                  tabIndex={-1}
                >
                  <div
                    className="img_card user_img"
                  >
                    <img
                      alt="..."
                      className="card-img-top"
                      src="/assets/user/asset1.png"
                    />
                    <p
                      className="user_card_text"
                    >
                      My Whirlpool double-door refrigerator had a recurring water leakage problem and even after multiple repairs it wasn't fixed properly. This issue finally had a confirmed resolution with ERIP and it‚Äôs been 2 years there has been no more water leakage problems. 
                    </p>
                    <div
                      className="d-flex"
                    >
                      <img
                        alt=""
                        className="user_dp"
                        src="/assets/user/carousel-img-1.png"
                      />
                      <div
                        className="user_id"
                      >
                        <p
                          className="card-text user_text"
                        >
                          Roshan Meher
                        </p>
                        <p
                          className="user_company"
                        >
                          <i>
                            -
                            Voltas
                          </i>
                        </p>
                      </div>
                    </div>
                  </div>
                </div>
              </div>
            </div>
            <div
              aria-hidden={true}
              className="slick-slide"
              data-index={7}
              onClick={[Function]}
              style={
                Object {
                  "outline": "none",
                  "width": 0,
                }
              }
              tabIndex="-1"
            >
              <div>
                <div
                  className="card user_card"
                  style={
                    Object {
                      "display": "inline-block",
                      "width": "100%",
                    }
                  }
                  tabIndex={-1}
                >
                  <div
                    className="img_card user_img"
                  >
                    <img
                      alt="..."
                      className="card-img-top"
                      src="/assets/user/asset1.png"
                    />
                    <p
                      className="user_card_text"
                    >
                      My Whirlpool double-door refrigerator had a recurring water leakage problem and even after multiple repairs it wasn't fixed properly. This issue finally had a confirmed resolution with ERIP and it‚Äôs been 2 years there has been no more water leakage problems. 
                    </p>
                    <div
                      className="d-flex"
                    >
                      <img
                        alt=""
                        className="user_dp"
                        src="/assets/user/carousel-img-1.png"
                      />
                      <div
                        className="user_id"
                      >
                        <p
                          className="card-text user_text"
                        >
                          Roshan Meher
                        </p>
                        <p
                          className="user_company"
                        >
                          <i>
                            -
                            Voltas
                          </i>
                        </p>
                      </div>
                    </div>
                  </div>
                </div>
              </div>
            </div>
            <div
              aria-hidden={true}
              className="slick-slide"
              data-index={8}
              onClick={[Function]}
              style={
                Object {
                  "outline": "none",
                  "width": 0,
                }
              }
              tabIndex="-1"
            >
              <div>
                <div
                  className="card user_card"
                  style={
                    Object {
                      "display": "inline-block",
                      "width": "100%",
                    }
                  }
                  tabIndex={-1}
                >
                  <div
                    className="img_card user_img"
                  >
                    <img
                      alt="..."
                      className="card-img-top"
                      src="/assets/user/asset1.png"
                    />
                    <p
                      className="user_card_text"
                    >
                      My Whirlpool double-door refrigerator had a recurring water leakage problem and even after multiple repairs it wasn't fixed properly. This issue finally had a confirmed resolution with ERIP and it‚Äôs been 2 years there has been no more water leakage problems. 
                    </p>
                    <div
                      className="d-flex"
                    >
                      <img
                        alt=""
                        className="user_dp"
                        src="/assets/user/carousel-img-1.png"
                      />
                      <div
                        className="user_id"
                      >
                        <p
                          className="card-text user_text"
                        >
                          Roshan Meher
                        </p>
                        <p
                          className="user_company"
                        >
                          <i>
                            -
                            Voltas
                          </i>
                        </p>
                      </div>
                    </div>
                  </div>
                </div>
              </div>
            </div>
          </div>
        </div>
        <button
          aria-disabled={false}
          aria-hidden="true"
          className="slick-next slick-arrow"
          data-role="none"
          onClick={[Function]}
          style={
            Object {
              "display": "block",
            }
          }
          type="button"
        >
          Next
        </button>
      </div>
    </div>
  </div>
</div>
`;
