// Jest Snapshot v1, https://goo.gl/fbAQLP

exports[`pnf rendering specification SnapShot testing 1`] = `
<div
  className=" py-1 m-0 header-comp container-fluid"
>
  <div
    className="container"
  >
    <div
      className="Navbar row"
    >
      <div
        className="col-1 align-item-center align-self-center col"
      >
        <a
          href="/"
          onClick={[Function]}
        >
          <img
            alt="logo"
            className="col-2 Logo align-self-center"
            src="/static/image/logo_erip.png"
          />
        </a>
      </div>
      <div
        className="modal-search d-flex col-6 col"
      >
        <button
          className="btn modal-btn rounded-0 bg-transparent text-muted fw-bold btn btn-primary"
          data-target="#myModal"
          data-toggle="modal"
          disabled={false}
          onClick={[Function]}
          type="button"
        >
          <i
            className="fas fa-map-marker-alt"
          />
          Bengaluru
          <i
            className="fa-solid fa-caret-down"
          />
        </button>
        <div
          className="search_btn d-flex input-group"
        >
          <div
            className="align-self-center m-3"
          >
            <i
              className="fas fa-search"
            />
          </div>
          <input
            aria-describedby="search-addon"
            aria-label="Search"
            className="form-control rounded-0 border-0 form-control"
            id="search-border"
            placeholder="Search for a services"
            type="search"
          />
        </div>
      </div>
      <div
        className="col-5 align-self-center col"
      >
        <div
          className="modal-search d-flex justify-content-end align-self-center nav"
          onKeyDown={[Function]}
        >
          <a
            className="text-muted fw-bold nav-link"
            data-rr-ui-event-key="/"
            disabled={false}
            href="/"
            onClick={[Function]}
          >
            Home
          </a>
          <a
            className="text-muted fw-bold nav-link"
            data-rr-ui-event-key="/contact"
            disabled={false}
            href="/contact"
            onClick={[Function]}
          >
            Contact Us
          </a>
          <a
            className="d-flex flex-row text-muted fw-bold nav-link"
            data-rr-ui-event-key={null}
            href="#"
            onClick={[Function]}
            onKeyDown={[Function]}
            role="button"
            tabIndex={0}
          >
            <i
              className="fa-regular fa-user"
            />
            Login
          </a>
        </div>
      </div>
    </div>
  </div>
</div>
`;
