// Jest Snapshot v1, https://goo.gl/fbAQLP

exports[`App rendering specification SnapShot testing 1`] = `
<div>
  <div
    className="row"
  >
    <div
      className="col-12 offer"
    >
      <div
        className="offer-img"
      >
        <img
          alt=""
          src="static/Mobile_Services/images/Offer1.png"
        />
      </div>
      <div
        className="offer-img"
      >
        <img
          alt=""
          src="static/Mobile_Services/images/Offer2.png"
        />
      </div>
      <div
        className="offer-img"
      >
        <img
          alt=""
          src="static/Mobile_Services/images/Offer3.png"
        />
      </div>
    </div>
  </div>
</div>
`;

exports[`App rendering specification SnapShot testing 2`] = `
<div>
  <div
    className="row"
  >
    <div
      className="col-12 offer"
    >
      <div
        className="offer-img"
      >
        <img
          alt=""
          src="static/Mobile_Services/images/Offer1.png"
        />
      </div>
      <div
        className="offer-img"
      >
        <img
          alt=""
          src="static/Mobile_Services/images/Offer2.png"
        />
      </div>
      <div
        className="offer-img"
      >
        <img
          alt=""
          src="static/Mobile_Services/images/Offer3.png"
        />
      </div>
    </div>
  </div>
</div>
`;
