// Jest Snapshot v1, https://goo.gl/fbAQLP

exports[`App rendering specification SnapShot testing 1`] = `
<div
  className="d-flex flex-column m-2"
>
  <div
    className="p-2 bg-white "
  >
    <div
      className="service-img"
    >
      <img
        className="images d-flex justify-content-center"
      />
    </div>
  </div>
  <p
    className="service-para"
  />
</div>
`;
