// Jest Snapshot v1, https://goo.gl/fbAQLP

exports[`App rendering specification SnapShot testing 1`] = `
<section
  className="service-issue"
>
  <div
    className="container"
  >
    <div
      className="row"
    >
      <div
        className="col-12"
      >
        <div
          className="center-title mb-0"
        >
          <h3>
            <strong>
              Service Issues
            </strong>
          </h3>
        </div>
      </div>
    </div>
    <div
      className="row d-flex justify-content-center pb-4"
    >
      <div
        className="col-8 service-content"
      >
        <div
          className="react-multi-carousel-list carousel-container "
          dir="ltr"
        >
          <ul
            className="react-multi-carousel-track react-multi-carousel-track"
            onMouseDown={[Function]}
            onMouseEnter={[Function]}
            onMouseLeave={[Function]}
            onMouseMove={[Function]}
            onMouseUp={[Function]}
            onTouchEnd={[Function]}
            onTouchMove={[Function]}
            onTouchStart={[Function]}
            style={
              Object {
                "overflow": "unset",
                "transform": "translate3d(0px,0,0)",
                "transition": "none",
              }
            }
          />
        </div>
      </div>
    </div>
  </div>
</section>
`;
